------------------------------------------------------------
Timing Analyzer Summary
------------------------------------------------------------

Type  : Slow 1200mV 85C Model Setup 'clk_i'
Slack : -9.405
TNS   : -7784.481

Type  : Slow 1200mV 85C Model Hold 'clk_i'
Slack : 0.260
TNS   : 0.000

Type  : Slow 1200mV 85C Model Recovery 'clk_i'
Slack : -2.769
TNS   : -3103.844

Type  : Slow 1200mV 85C Model Removal 'clk_i'
Slack : 2.741
TNS   : 0.000

Type  : Slow 1200mV 85C Model Minimum Pulse Width 'clk_i'
Slack : -3.000
TNS   : -2172.820

Type  : Slow 1200mV 0C Model Setup 'clk_i'
Slack : -8.573
TNS   : -7060.896

Type  : Slow 1200mV 0C Model Hold 'clk_i'
Slack : 0.264
TNS   : 0.000

Type  : Slow 1200mV 0C Model Recovery 'clk_i'
Slack : -2.480
TNS   : -2771.127

Type  : Slow 1200mV 0C Model Removal 'clk_i'
Slack : 2.520
TNS   : 0.000

Type  : Slow 1200mV 0C Model Minimum Pulse Width 'clk_i'
Slack : -3.000
TNS   : -2165.521

Type  : Fast 1200mV 0C Model Setup 'clk_i'
Slack : -3.584
TNS   : -2642.824

Type  : Fast 1200mV 0C Model Hold 'clk_i'
Slack : 0.108
TNS   : 0.000

Type  : Fast 1200mV 0C Model Recovery 'clk_i'
Slack : -1.558
TNS   : -1793.367

Type  : Fast 1200mV 0C Model Removal 'clk_i'
Slack : 2.027
TNS   : 0.000

Type  : Fast 1200mV 0C Model Minimum Pulse Width 'clk_i'
Slack : -3.000
TNS   : -1762.542

------------------------------------------------------------
